#-----------------------------------------------------------
# Vivado v2023.1 (64-bit)
# SW Build 3865809 on Sun May  7 15:05:29 MDT 2023
# IP Build 3864474 on Sun May  7 20:36:21 MDT 2023
# SharedData Build 3865790 on Sun May 07 13:33:03 MDT 2023
# Start of session at: Mon Oct 16 15:20:43 2023
# Process ID: 18608
# Current directory: C:/Users/cam82/OneDrive/Documents/College/FA23ECE385/lab62/lab62a/lab62a.runs/mb_block_axi_uartlite_0_0_synth_1
# Command line: vivado.exe -log mb_block_axi_uartlite_0_0.vds -product Vivado -mode batch -messageDb vivado.pb -notrace -source mb_block_axi_uartlite_0_0.tcl
# Log file: C:/Users/cam82/OneDrive/Documents/College/FA23ECE385/lab62/lab62a/lab62a.runs/mb_block_axi_uartlite_0_0_synth_1/mb_block_axi_uartlite_0_0.vds
# Journal file: C:/Users/cam82/OneDrive/Documents/College/FA23ECE385/lab62/lab62a/lab62a.runs/mb_block_axi_uartlite_0_0_synth_1\vivado.jou
# Running On: Cameron, OS: Windows, CPU Frequency: 2995 MHz, CPU Physical cores: 4, Host memory: 16739 MB
#-----------------------------------------------------------
source mb_block_axi_uartlite_0_0.tcl -notrace
